// Jest Snapshot v1, https://goo.gl/fbAQLP

exports[`renders  1`] = `
<li>
  <div
    onClick={[Function]}
  >
    harrythedev/github-issue-manager
  </div>
</li>
`;
